
> codeit-project-team8@0.1.0 build-storybook
> storybook build --output-dir=/var/folders/nz/1hfrp7d53ns_sjgbg0qmzmy40000gn/T/chromatic--73682-liscoio6myTn

[1m@storybook/core v8.6.3
[22m
info => Cleaning outputDir: [36m../../../../var/folders/nz/1hfrp7d53ns_sjgbg0qmzmy40000gn/T/chromatic--73682-liscoio6myTn[39m
info => Loading presets
info => Building manager..
info => Manager built ([38;2;181;126;229m128 ms[39m)
info => Building preview..
info Using tsconfig paths for react-docgen
[36mvite v6.2.0 [32mbuilding for production...[36m[39m
info => Copying static files: [36mpublic[39m at [36m../../../../var/folders/nz/1hfrp7d53ns_sjgbg0qmzmy40000gn/T/chromatic--73682-liscoio6myTn[39m
transforming...
[32m✓[39m 386 modules transformed.
rendering chunks...
computing gzip size...
[2m../../../../var/folders/nz/1hfrp7d53ns_sjgbg0qmzmy40000gn/T/chromatic--73682-liscoio6myTn/[22m[2massets/[22m[32mcontext-C0qIqeS4.png               [39m[1m[2m  6.12 kB[22m[1m[22m
[2m../../../../var/folders/nz/1hfrp7d53ns_sjgbg0qmzmy40000gn/T/chromatic--73682-liscoio6myTn/[22m[2massets/[22m[32mstyling-Bk6zjRzU.png               [39m[1m[2m  7.24 kB[22m[1m[22m
[2m../../../../var/folders/nz/1hfrp7d53ns_sjgbg0qmzmy40000gn/T/chromatic--73682-liscoio6myTn/[22m[32miframe.html                               [39m[1m[2m 17.75 kB[22m[1m[22m[2m │ gzip:   5.01 kB[22m
[2m../../../../var/folders/nz/1hfrp7d53ns_sjgbg0qmzmy40000gn/T/chromatic--73682-liscoio6myTn/[22m[2massets/[22m[32mdocs---vsFbMi.png                  [39m[1m[2m 27.88 kB[22m[1m[22m
[2m../../../../var/folders/nz/1hfrp7d53ns_sjgbg0qmzmy40000gn/T/chromatic--73682-liscoio6myTn/[22m[2massets/[22m[32mshare-DGA-UcQf.png                 [39m[1m[2m 40.77 kB[22m[1m[22m
[2m../../../../var/folders/nz/1hfrp7d53ns_sjgbg0qmzmy40000gn/T/chromatic--73682-liscoio6myTn/[22m[2massets/[22m[32maccessibility-W_h2acOZ.png         [39m[1m[2m 42.34 kB[22m[1m[22m
[2m../../../../var/folders/nz/1hfrp7d53ns_sjgbg0qmzmy40000gn/T/chromatic--73682-liscoio6myTn/[22m[2massets/[22m[32mfigma-plugin-CH2hELiO.png          [39m[1m[2m 44.25 kB[22m[1m[22m
[2m../../../../var/folders/nz/1hfrp7d53ns_sjgbg0qmzmy40000gn/T/chromatic--73682-liscoio6myTn/[22m[2massets/[22m[32mtheming-D6WJLNoW.png               [39m[1m[2m 44.37 kB[22m[1m[22m
[2m../../../../var/folders/nz/1hfrp7d53ns_sjgbg0qmzmy40000gn/T/chromatic--73682-liscoio6myTn/[22m[2massets/[22m[32mtesting-cbzR9l9r.png               [39m[1m[2m 49.31 kB[22m[1m[22m
[2m../../../../var/folders/nz/1hfrp7d53ns_sjgbg0qmzmy40000gn/T/chromatic--73682-liscoio6myTn/[22m[2massets/[22m[32maddon-library-BWUCAmyN.png         [39m[1m[2m467.37 kB[22m[1m[22m
[2m../../../../var/folders/nz/1hfrp7d53ns_sjgbg0qmzmy40000gn/T/chromatic--73682-liscoio6myTn/[22m[2massets/[22m[35mHeader-Ck-SSN7O.css                [39m[1m[2m  0.51 kB[22m[1m[22m[2m │ gzip:   0.30 kB[22m
[2m../../../../var/folders/nz/1hfrp7d53ns_sjgbg0qmzmy40000gn/T/chromatic--73682-liscoio6myTn/[22m[2massets/[22m[35mButton-B2efaGtC.css                [39m[1m[2m  0.52 kB[22m[1m[22m[2m │ gzip:   0.29 kB[22m
[2m../../../../var/folders/nz/1hfrp7d53ns_sjgbg0qmzmy40000gn/T/chromatic--73682-liscoio6myTn/[22m[2massets/[22m[35mPage-CeeQJVdd.css                  [39m[1m[2m  0.91 kB[22m[1m[22m[2m │ gzip:   0.39 kB[22m
[2m../../../../var/folders/nz/1hfrp7d53ns_sjgbg0qmzmy40000gn/T/chromatic--73682-liscoio6myTn/[22m[2massets/[22m[35mpreview-Bv59llSa.css               [39m[1m[2m247.02 kB[22m[1m[22m[2m │ gzip:  29.48 kB[22m
[2m../../../../var/folders/nz/1hfrp7d53ns_sjgbg0qmzmy40000gn/T/chromatic--73682-liscoio6myTn/[22m[2massets/[22m[36mjsx-runtime-DLmnxIFi.js            [39m[1m[2m  0.07 kB[22m[1m[22m[2m │ gzip:   0.08 kB[22m
[2m../../../../var/folders/nz/1hfrp7d53ns_sjgbg0qmzmy40000gn/T/chromatic--73682-liscoio6myTn/[22m[2massets/[22m[36mindex-BAAGe1xP.js                  [39m[1m[2m  0.09 kB[22m[1m[22m[2m │ gzip:   0.10 kB[22m
[2m../../../../var/folders/nz/1hfrp7d53ns_sjgbg0qmzmy40000gn/T/chromatic--73682-liscoio6myTn/[22m[2massets/[22m[36mpreview-BZL8qshQ.js                [39m[1m[2m  0.16 kB[22m[1m[22m[2m │ gzip:   0.15 kB[22m
[2m../../../../var/folders/nz/1hfrp7d53ns_sjgbg0qmzmy40000gn/T/chromatic--73682-liscoio6myTn/[22m[2massets/[22m[36mpreview-CQqietut.js                [39m[1m[2m  0.17 kB[22m[1m[22m[2m │ gzip:   0.17 kB[22m
[2m../../../../var/folders/nz/1hfrp7d53ns_sjgbg0qmzmy40000gn/T/chromatic--73682-liscoio6myTn/[22m[2massets/[22m[36mpreview-CvbIS5ZJ.js                [39m[1m[2m  0.18 kB[22m[1m[22m[2m │ gzip:   0.16 kB[22m
[2m../../../../var/folders/nz/1hfrp7d53ns_sjgbg0qmzmy40000gn/T/chromatic--73682-liscoio6myTn/[22m[2massets/[22m[36mindex-B7CmlGWK.js                  [39m[1m[2m  0.45 kB[22m[1m[22m[2m │ gzip:   0.29 kB[22m
[2m../../../../var/folders/nz/1hfrp7d53ns_sjgbg0qmzmy40000gn/T/chromatic--73682-liscoio6myTn/[22m[2massets/[22m[36mpreview-DGUiP6tS.js                [39m[1m[2m  0.71 kB[22m[1m[22m[2m │ gzip:   0.49 kB[22m
[2m../../../../var/folders/nz/1hfrp7d53ns_sjgbg0qmzmy40000gn/T/chromatic--73682-liscoio6myTn/[22m[2massets/[22m[36mchunk-XP5HYGXS-D5tuasO7.js         [39m[1m[2m  0.72 kB[22m[1m[22m[2m │ gzip:   0.41 kB[22m
[2m../../../../var/folders/nz/1hfrp7d53ns_sjgbg0qmzmy40000gn/T/chromatic--73682-liscoio6myTn/[22m[2massets/[22m[36mindex-DrFu-skq.js                  [39m[1m[2m  0.77 kB[22m[1m[22m[2m │ gzip:   0.47 kB[22m
[2m../../../../var/folders/nz/1hfrp7d53ns_sjgbg0qmzmy40000gn/T/chromatic--73682-liscoio6myTn/[22m[2massets/[22m[36mreact-18-7Kbzuznl.js               [39m[1m[2m  0.92 kB[22m[1m[22m[2m │ gzip:   0.51 kB[22m
[2m../../../../var/folders/nz/1hfrp7d53ns_sjgbg0qmzmy40000gn/T/chromatic--73682-liscoio6myTn/[22m[2massets/[22m[36mHeader.stories-BoCNp6x5.js         [39m[1m[2m  0.92 kB[22m[1m[22m[2m │ gzip:   0.48 kB[22m
[2m../../../../var/folders/nz/1hfrp7d53ns_sjgbg0qmzmy40000gn/T/chromatic--73682-liscoio6myTn/[22m[2massets/[22m[36mpreview-C5Qc5uOj.js                [39m[1m[2m  0.96 kB[22m[1m[22m[2m │ gzip:   0.59 kB[22m
[2m../../../../var/folders/nz/1hfrp7d53ns_sjgbg0qmzmy40000gn/T/chromatic--73682-liscoio6myTn/[22m[2massets/[22m[36mjsx-runtime-Dd5WkkMM.js            [39m[1m[2m  1.00 kB[22m[1m[22m[2m │ gzip:   0.62 kB[22m
[2m../../../../var/folders/nz/1hfrp7d53ns_sjgbg0qmzmy40000gn/T/chromatic--73682-liscoio6myTn/[22m[2massets/[22m[36mDocsRenderer-CFRXHY34-BkyRcEGM.js  [39m[1m[2m  1.40 kB[22m[1m[22m[2m │ gzip:   0.73 kB[22m
[2m../../../../var/folders/nz/1hfrp7d53ns_sjgbg0qmzmy40000gn/T/chromatic--73682-liscoio6myTn/[22m[2massets/[22m[36mimage-context-DGW80hHF.js          [39m[1m[2m  1.43 kB[22m[1m[22m[2m │ gzip:   0.64 kB[22m
[2m../../../../var/folders/nz/1hfrp7d53ns_sjgbg0qmzmy40000gn/T/chromatic--73682-liscoio6myTn/[22m[2massets/[22m[36mButton.stories-CjQFTeZo.js         [39m[1m[2m  1.55 kB[22m[1m[22m[2m │ gzip:   0.58 kB[22m
[2m../../../../var/folders/nz/1hfrp7d53ns_sjgbg0qmzmy40000gn/T/chromatic--73682-liscoio6myTn/[22m[2massets/[22m[36mHeader-B_vNiY0J.js                 [39m[1m[2m  1.79 kB[22m[1m[22m[2m │ gzip:   0.78 kB[22m
[2m../../../../var/folders/nz/1hfrp7d53ns_sjgbg0qmzmy40000gn/T/chromatic--73682-liscoio6myTn/[22m[2massets/[22m[36mpreview-DD_OYowb.js                [39m[1m[2m  3.51 kB[22m[1m[22m[2m │ gzip:   1.69 kB[22m
[2m../../../../var/folders/nz/1hfrp7d53ns_sjgbg0qmzmy40000gn/T/chromatic--73682-liscoio6myTn/[22m[2massets/[22m[36mPage.stories--SKIBAQl.js           [39m[1m[2m  3.65 kB[22m[1m[22m[2m │ gzip:   1.57 kB[22m
[2m../../../../var/folders/nz/1hfrp7d53ns_sjgbg0qmzmy40000gn/T/chromatic--73682-liscoio6myTn/[22m[2massets/[22m[36mpreview-B8lJiyuQ.js                [39m[1m[2m  5.06 kB[22m[1m[22m[2m │ gzip:   1.89 kB[22m
[2m../../../../var/folders/nz/1hfrp7d53ns_sjgbg0qmzmy40000gn/T/chromatic--73682-liscoio6myTn/[22m[2massets/[22m[36mpreview-BWzBA1C2.js                [39m[1m[2m  7.62 kB[22m[1m[22m[2m │ gzip:   1.57 kB[22m
[2m../../../../var/folders/nz/1hfrp7d53ns_sjgbg0qmzmy40000gn/T/chromatic--73682-liscoio6myTn/[22m[2massets/[22m[36mpreview-BBWR9nbA.js                [39m[1m[2m  8.12 kB[22m[1m[22m[2m │ gzip:   3.08 kB[22m
[2m../../../../var/folders/nz/1hfrp7d53ns_sjgbg0qmzmy40000gn/T/chromatic--73682-liscoio6myTn/[22m[2massets/[22m[36mindex-C4QqgfUk.js                  [39m[1m[2m  8.28 kB[22m[1m[22m[2m │ gzip:   3.15 kB[22m
[2m../../../../var/folders/nz/1hfrp7d53ns_sjgbg0qmzmy40000gn/T/chromatic--73682-liscoio6myTn/[22m[2massets/[22m[36mButton-Ufhf3bx0.js                 [39m[1m[2m  9.83 kB[22m[1m[22m[2m │ gzip:   3.53 kB[22m
[2m../../../../var/folders/nz/1hfrp7d53ns_sjgbg0qmzmy40000gn/T/chromatic--73682-liscoio6myTn/[22m[2massets/[22m[36mimage-DOJWJWLp.js                  [39m[1m[2m 15.34 kB[22m[1m[22m[2m │ gzip:   6.10 kB[22m
[2m../../../../var/folders/nz/1hfrp7d53ns_sjgbg0qmzmy40000gn/T/chromatic--73682-liscoio6myTn/[22m[2massets/[22m[36madd-base-path-BrZhMAAK.js          [39m[1m[2m 22.26 kB[22m[1m[22m[2m │ gzip:   7.08 kB[22m
[2m../../../../var/folders/nz/1hfrp7d53ns_sjgbg0qmzmy40000gn/T/chromatic--73682-liscoio6myTn/[22m[2massets/[22m[36mConfigure-BbfiDVP8.js              [39m[1m[2m 27.23 kB[22m[1m[22m[2m │ gzip:  11.22 kB[22m
[2m../../../../var/folders/nz/1hfrp7d53ns_sjgbg0qmzmy40000gn/T/chromatic--73682-liscoio6myTn/[22m[2massets/[22m[36mSubtitle.stories-CO9oQzBF.js       [39m[1m[2m 29.17 kB[22m[1m[22m[2m │ gzip:  10.23 kB[22m
[2m../../../../var/folders/nz/1hfrp7d53ns_sjgbg0qmzmy40000gn/T/chromatic--73682-liscoio6myTn/[22m[2massets/[22m[36mColor-YHDXOIA2-C-T7LRSy.js         [39m[1m[2m 29.36 kB[22m[1m[22m[2m │ gzip:  10.92 kB[22m
[2m../../../../var/folders/nz/1hfrp7d53ns_sjgbg0qmzmy40000gn/T/chromatic--73682-liscoio6myTn/[22m[2massets/[22m[36mentry-preview-Ch0z9TZg.js          [39m[1m[2m 42.51 kB[22m[1m[22m[2m │ gzip:  14.20 kB[22m
[2m../../../../var/folders/nz/1hfrp7d53ns_sjgbg0qmzmy40000gn/T/chromatic--73682-liscoio6myTn/[22m[2massets/[22m[36mindex-CXQShRbs.js                  [39m[1m[2m 53.73 kB[22m[1m[22m[2m │ gzip:  15.49 kB[22m
[2m../../../../var/folders/nz/1hfrp7d53ns_sjgbg0qmzmy40000gn/T/chromatic--73682-liscoio6myTn/[22m[2massets/[22m[36mpreview-CwMgqwun.js                [39m[1m[2m 93.10 kB[22m[1m[22m[2m │ gzip:  28.29 kB[22m
[2m../../../../var/folders/nz/1hfrp7d53ns_sjgbg0qmzmy40000gn/T/chromatic--73682-liscoio6myTn/[22m[2massets/[22m[36mindex-ByPZcy9f.js                  [39m[1m[2m178.56 kB[22m[1m[22m[2m │ gzip:  55.60 kB[22m
[2m../../../../var/folders/nz/1hfrp7d53ns_sjgbg0qmzmy40000gn/T/chromatic--73682-liscoio6myTn/[22m[2massets/[22m[36miframe-b1JtZE7G.js                 [39m[1m[2m209.05 kB[22m[1m[22m[2m │ gzip:  71.57 kB[22m
[2m../../../../var/folders/nz/1hfrp7d53ns_sjgbg0qmzmy40000gn/T/chromatic--73682-liscoio6myTn/[22m[2massets/[22m[36mentry-preview-docs-CAlKeATS.js     [39m[1m[2m244.70 kB[22m[1m[22m[2m │ gzip:  72.54 kB[22m
[2m../../../../var/folders/nz/1hfrp7d53ns_sjgbg0qmzmy40000gn/T/chromatic--73682-liscoio6myTn/[22m[2massets/[22m[36mindex-DZ0MIZXx.js                  [39m[1m[33m661.27 kB[39m[22m[2m │ gzip: 155.88 kB[22m
[2m../../../../var/folders/nz/1hfrp7d53ns_sjgbg0qmzmy40000gn/T/chromatic--73682-liscoio6myTn/[22m[2massets/[22m[36mindex-CxHpEf5u.js                  [39m[1m[33m868.50 kB[39m[22m[2m │ gzip: 270.45 kB[22m
[32m✓ built in 3.88s[39m
info => Preview built ([38;2;181;126;229m5.18 s[39m)
info => Output directory: /var/folders/nz/1hfrp7d53ns_sjgbg0qmzmy40000gn/T/chromatic--73682-liscoio6myTn
